// Jest Snapshot v1, https://goo.gl/fbAQLP

exports[`TaskList should render the TaskList 1`] = `
<React.Fragment>
  <AddTask
    onSubmit={[Function]}
  />
  <ul>
    <li
      key="1"
    >
      <Task
        isComplete={false}
        onRemoveClick={[Function]}
        onToggleStatusClick={[Function]}
        title="Task 1"
      />
    </li>
    <li
      key="2"
    >
      <Task
        isComplete={true}
        onRemoveClick={[Function]}
        onToggleStatusClick={[Function]}
        title="Task 2"
      />
    </li>
    <li
      key="3"
    >
      <Task
        isComplete={false}
        onRemoveClick={[Function]}
        onToggleStatusClick={[Function]}
        title="Task 3"
      />
    </li>
  </ul>
  <FilterTask
    onFilterClick={[Function]}
  />
</React.Fragment>
`;
