// Jest Snapshot v1, https://goo.gl/fbAQLP

exports[`TaskList should render the TaskList 1`] = `
<ul>
  <li
    key="1"
  >
    <Task
      isComplete={false}
      title="Task 1"
    />
  </li>
  <li
    key="2"
  >
    <Task
      isComplete={true}
      title="Task 2"
    />
  </li>
  <li
    key="3"
  >
    <Task
      isComplete={false}
      title="Task 3"
    />
  </li>
</ul>
`;
